00:00 +0: loading /app/test/widget_test.dart                                                                                                                                                           00:01 +0: loading /app/test/widget_test.dart                                                                                                                                                           00:02 +0: loading /app/test/widget_test.dart                                                                                                                                                           00:02 +0: App smoke test                                                                                                                                                                               00:03 +0: App smoke test                                                                                                                                                                               00:03 +1: App smoke test                                                                                                                                                                               00:03 +1: All tests passed!
